package testdata

func doNothing() {
	return nil
}
